SERVICES
DOCUMENTS
TYPE go_memstats_gc_cpu_fraction gauge.md
PREVIEW AS 
EXPORT AS 
SAVE TO 
IMPORT FROM 
DOCUMENT NAME
TYPE go_memstats_gc_cpu_fraction gauge.md
MARKDOWNPREVIEWToggle Mode
  
<p class="has-line-data" data-line-start="0" data-line-end="2">Узнайте о sparse (разряженных) файлах.<br>
Прочел с удовольствием <a href="https://ru.wikipedia.org/wiki/%D0%A0%D0%B0%D0%B7%D1%80%D0%B5%D0%B6%D1%91%D0%BD%D0%BD%D1%8B%D0%B9_%D1%84%D0%B0%D0%B9%D0%BB">https://ru.wikipedia.org/wiki/Разрежённый_файл</a></p>
<p class="has-line-data" data-line-start="4" data-line-end="6">Могут ли файлы, являющиеся жесткой ссылкой на один объект, иметь разные права доступа и владельца? Почему?<br>
Нет не могут, потому что ссылка и есть сам файл. Пример ниже</p>
<p class="has-line-data" data-line-start="8" data-line-end="29">vagrant@vagrant:/tmp/new$ ls -l<br>
total 20436<br>
drwx------ 2 root root    16384 Jun 15 18:09 lost+found<br>
-rw-r–r-- 1 root root 20907203 Jun 15 16:51 test.gz<br>
vagrant@vagrant:/tmp/new$ sudo ln test.gz test_new<br>
vagrant@vagrant:/tmp/new$ ls -l<br>
total 40856<br>
drwx------ 2 root root    16384 Jun 15 18:09 lost+found<br>
-rw-r–r-- 2 root root 20907203 Jun 15 16:51 test.gz<br>
-rw-r–r-- 2 root root 20907203 Jun 15 16:51 test_new<br>
vagrant@vagrant:/tmp/new$ sudo chmod 777 test_new<br>
vagrant@vagrant:/tmp/new$ ls -l<br>
total 40856<br>
drwx------ 2 root root    16384 Jun 15 18:09 lost+found<br>
-rwxrwxrwx 2 root root 20907203 Jun 15 16:51 test.gz<br>
-rwxrwxrwx 2 root root 20907203 Jun 15 16:51 test_new<br>
agrant@vagrant:/tmp/new$ ls -li<br>
total 40856<br>
11 drwx------ 2 root root    16384 Jun 15 18:09 lost+found<br>
12 -rwxrwxrwx 2 root root 20907203 Jun 15 16:51 test.gz<br>
12 -rwxrwxrwx 2 root root 20907203 Jun 15 16:51 test_new</p>
<p class="has-line-data" data-line-start="32" data-line-end="41">Используя fdisk, разбейте первый диск на 2 раздела: 2 Гб, оставшееся пространство.<br>
vagrant@vagrant:~$ sudo fdisk -l<br>
Disk /dev/sda: 64 GiB, 68719476736 bytes, 134217728 sectors<br>
Disk model: VBOX HARDDISK<br>
Units: sectors of 1 * 512 = 512 bytes<br>
Sector size (logical/physical): 512 bytes / 512 bytes<br>
I/O size (minimum/optimal): 512 bytes / 512 bytes<br>
Disklabel type: dos<br>
Disk identifier: 0x79a7706f</p>
<p class="has-line-data" data-line-start="42" data-line-end="46">Device     Boot   Start       End   Sectors  Size Id Type<br>
/dev/sda1  *       2048   1050623   1048576  512M  b W95 FAT32<br>
/dev/sda2       1052670 134215679 133163010 63.5G  5 Extended<br>
/dev/sda5       1052672 134215679 133163008 63.5G 8e Linux LVM</p>
<p class="has-line-data" data-line-start="48" data-line-end="53">Disk /dev/sdb: 2.51 GiB, 2684354560 bytes, 5242880 sectors<br>
Disk model: VBOX HARDDISK<br>
Units: sectors of 1 * 512 = 512 bytes<br>
Sector size (logical/physical): 512 bytes / 512 bytes<br>
I/O size (minimum/optimal): 512 bytes / 512 bytes</p>
<p class="has-line-data" data-line-start="55" data-line-end="60">Disk /dev/sdc: 2.51 GiB, 2684354560 bytes, 5242880 sectors<br>
Disk model: VBOX HARDDISK<br>
Units: sectors of 1 * 512 = 512 bytes<br>
Sector size (logical/physical): 512 bytes / 512 bytes<br>
I/O size (minimum/optimal): 512 bytes / 512 bytes</p>
<p class="has-line-data" data-line-start="62" data-line-end="66">Disk /dev/mapper/vgvagrant-root: 62.55 GiB, 67150807040 bytes, 131153920 sectors<br>
Units: sectors of 1 * 512 = 512 bytes<br>
Sector size (logical/physical): 512 bytes / 512 bytes<br>
I/O size (minimum/optimal): 512 bytes / 512 bytes</p>
<p class="has-line-data" data-line-start="68" data-line-end="73">Disk /dev/mapper/vgvagrant-swap_1: 980 MiB, 1027604480 bytes, 2007040 sectors<br>
Units: sectors of 1 * 512 = 512 bytes<br>
Sector size (logical/physical): 512 bytes / 512 bytes<br>
I/O size (minimum/optimal): 512 bytes / 512 bytes<br>
vagrant@vagrant:~$</p>
<p class="has-line-data" data-line-start="74" data-line-end="82">vagrant@vagrant:~$ sudo fdisk -l /dev/sdb<br>
Disk /dev/sdb: 2.51 GiB, 2684354560 bytes, 5242880 sectors<br>
Disk model: VBOX HARDDISK<br>
Units: sectors of 1 * 512 = 512 bytes<br>
Sector size (logical/physical): 512 bytes / 512 bytes<br>
I/O size (minimum/optimal): 512 bytes / 512 bytes<br>
Disklabel type: dos<br>
Disk identifier: 0x9b794912</p>
<p class="has-line-data" data-line-start="83" data-line-end="86">Device     Boot   Start     End Sectors  Size Id Type<br>
/dev/sdb1          2048 4196351 4194304    2G 83 Linux<br>
/dev/sdb2       4196352 5242879 1046528  511M 83 Linux</p>
<p class="has-line-data" data-line-start="87" data-line-end="91">Используя sfdisk, перенесите данную таблицу разделов на второй диск.<br>
agrant@vagrant:~$ sudo sfdisk -d /dev/sdb &gt; partitions.txt<br>
vagrant@vagrant:~$ sudo sfdisk /dev/sdc &lt; partitions.txt<br>
Checking that no-one is using this disk right now … OK</p>
<p class="has-line-data" data-line-start="92" data-line-end="97">Disk /dev/sdc: 2.51 GiB, 2684354560 bytes, 5242880 sectors<br>
Disk model: VBOX HARDDISK<br>
Units: sectors of 1 * 512 = 512 bytes<br>
Sector size (logical/physical): 512 bytes / 512 bytes<br>
I/O size (minimum/optimal): 512 bytes / 512 bytes</p>
<blockquote>
<blockquote>
<blockquote>
<p class="has-line-data" data-line-start="98" data-line-end="106">Script header accepted.<br>
Script header accepted.<br>
Script header accepted.<br>
Script header accepted.<br>
Created a new DOS disklabel with disk identifier 0x9b794912.<br>
/dev/sdc1: Created a new partition 1 of type ‘Linux’ and of size 2 GiB.<br>
/dev/sdc2: Created a new partition 2 of type ‘Linux’ and of size 511 MiB.<br>
/dev/sdc3: Done.</p>
</blockquote>
</blockquote>
</blockquote>
<p class="has-line-data" data-line-start="107" data-line-end="110">New situation:<br>
Disklabel type: dos<br>
Disk identifier: 0x9b794912</p>
<p class="has-line-data" data-line-start="111" data-line-end="114">Device     Boot   Start     End Sectors  Size Id Type<br>
/dev/sdc1          2048 4196351 4194304    2G 83 Linux<br>
/dev/sdc2       4196352 5242879 1046528  511M 83 Linux</p>
<p class="has-line-data" data-line-start="115" data-line-end="118">The partition table has been altered.<br>
Calling ioctl() to re-read partition table.<br>
Syncing disks.</p>
<p class="has-line-data" data-line-start="119" data-line-end="137">Соберите mdadm RAID1 на паре разделов 2 Гб.<br>
sudo mdadm --create --verbose /dev/md0 -l 1 -n 2 /dev/sdb1 /dev/sdc1<br>
vagrant@vagrant:~$ lsblk<br>
NAME                 MAJ:MIN RM  SIZE RO TYPE  MOUNTPOINT<br>
sda                    8:0    0   64G  0 disk<br>
├─sda1                 8:1    0  512M  0 part  /boot/efi<br>
├─sda2                 8:2    0    1K  0 part<br>
└─sda5                 8:5    0 63.5G  0 part<br>
├─vgvagrant-root   253:0    0 62.6G  0 lvm   /<br>
└─vgvagrant-swap_1 253:1    0  980M  0 lvm   [SWAP]<br>
sdb                    8:16   0  2.5G  0 disk<br>
├─sdb1                 8:17   0    2G  0 part<br>
│ └─md0                9:0    0    2G  0 raid1<br>
└─sdb2                 8:18   0  511M  0 part<br>
sdc                    8:32   0  2.5G  0 disk<br>
├─sdc1                 8:33   0    2G  0 part<br>
│ └─md0                9:0    0    2G  0 raid1<br>
└─sdc2                 8:34   0  511M  0 part</p>
<p class="has-line-data" data-line-start="138" data-line-end="158">Соберите mdadm RAID0 на второй паре маленьких разделов.<br>
sudo mdadm --create --verbose /dev/md1 -l 0 -n 2 /dev/sdb2 /dev/sdc2<br>
vagrant@vagrant:~$ lsblk<br>
NAME                 MAJ:MIN RM  SIZE RO TYPE  MOUNTPOINT<br>
sda                    8:0    0   64G  0 disk<br>
├─sda1                 8:1    0  512M  0 part  /boot/efi<br>
├─sda2                 8:2    0    1K  0 part<br>
└─sda5                 8:5    0 63.5G  0 part<br>
├─vgvagrant-root   253:0    0 62.6G  0 lvm   /<br>
└─vgvagrant-swap_1 253:1    0  980M  0 lvm   [SWAP]<br>
sdb                    8:16   0  2.5G  0 disk<br>
├─sdb1                 8:17   0    2G  0 part<br>
│ └─md0                9:0    0    2G  0 raid1<br>
└─sdb2                 8:18   0  511M  0 part<br>
└─md1                9:1    0 1018M  0 raid0<br>
sdc                    8:32   0  2.5G  0 disk<br>
├─sdc1                 8:33   0    2G  0 part<br>
│ └─md0                9:0    0    2G  0 raid1<br>
└─sdc2                 8:34   0  511M  0 part<br>
└─md1                9:1    0 1018M  0 raid0</p>
<p class="has-line-data" data-line-start="159" data-line-end="175">Создайте общую volume-group на этих двух PV<br>
agrant@vagrant:~$  sudo pvcreate /dev/md0<br>
Physical volume “/dev/md0” successfully created.<br>
vagrant@vagrant:~$  sudo pvcreate /dev/md1<br>
Physical volume “/dev/md1” successfully created.<br>
vagrant@vagrant:~$ sudo pvdisplay<br>
— Physical volume —<br>
PV Name               /dev/sda5<br>
VG Name               vgvagrant<br>
PV Size               &lt;63.50 GiB / not usable 0<br>
Allocatable           yes (but full)<br>
PE Size               4.00 MiB<br>
Total PE              16255<br>
Free PE               0<br>
Allocated PE          16255<br>
PV UUID               OCbATH-NO0a-4yCv-lVyW-UOYQ-uFJm-DPdN8c</p>
<p class="has-line-data" data-line-start="176" data-line-end="187">“/dev/md0” is a new physical volume of “&lt;2.00 GiB”<br>
— NEW Physical volume —<br>
PV Name               /dev/md0<br>
VG Name<br>
PV Size               &lt;2.00 GiB<br>
Allocatable           NO<br>
PE Size               0<br>
Total PE              0<br>
Free PE               0<br>
Allocated PE          0<br>
PV UUID               vgTlkS-svP6-W0W2-ntjJ-0CnG-PB3V-B1sg8m</p>
<p class="has-line-data" data-line-start="188" data-line-end="199">“/dev/md1” is a new physical volume of “1018.00 MiB”<br>
— NEW Physical volume —<br>
PV Name               /dev/md1<br>
VG Name<br>
PV Size               1018.00 MiB<br>
Allocatable           NO<br>
PE Size               0<br>
Total PE              0<br>
Free PE               0<br>
Allocated PE          0<br>
PV UUID               NvqhQI-2PJP-x2TI-IUZd-h79D-f8Wa-MJtepK</p>
<p class="has-line-data" data-line-start="200" data-line-end="203">Создайте общую volume-group на этих двух PV<br>
agrant@vagrant:~$ sudo vgcreate vg-01 /dev/md0 /dev/md1<br>
Volume group “vg-01” successfully created</p>
<p class="has-line-data" data-line-start="205" data-line-end="206">Создайте LV размером 100 Мб, указав его расположение на PV с RAID0.</p>
<p class="has-line-data" data-line-start="207" data-line-end="209">vagrant@vagrant:~$ sudo lvcreate -L 100M -n data100 vg-01 /dev/md1<br>
Logical volume “data100” created.</p>
<p class="has-line-data" data-line-start="211" data-line-end="218">LV Path                /dev/vg-01/data100<br>
LV Name                data100<br>
VG Name                vg-01<br>
LV UUID                O7bMGW-H5s9-KF7q-PDCS-0oOj-N1WB-iVJFrd<br>
LV Write Access        read/write<br>
LV Creation host, time vagrant, 2021-06-15 18:03:56 +0000<br>
LV Status              available</p>
<h1 class="code-line" data-line-start=218 data-line-end=219 ><a id="open_________________0_218"></a>open                 0</h1>
<p class="has-line-data" data-line-start="219" data-line-end="224">LV Size                100.00 MiB<br>
Current LE             25<br>
Segments               1<br>
Allocation             inherit<br>
Read ahead sectors     auto</p>
<ul>
<li class="has-line-data" data-line-start="224" data-line-end="227">currently set to     4096<br>
Block device           253:2</li>
</ul>
<p class="has-line-data" data-line-start="227" data-line-end="231">Создайте mkfs.ext4 ФС на получившемся LV.<br>
vagrant@vagrant:~$ sudo  mkfs.ext4 /dev/vg-01/data100<br>
mke2fs 1.45.5 (07-Jan-2020)<br>
Creating filesystem with 25600 4k blocks and 25600 inodes</p>
<p class="has-line-data" data-line-start="232" data-line-end="236">Allocating group tables: done<br>
Writing inode tables: done<br>
Creating journal (1024 blocks): done<br>
Writing superblocks and filesystem accounting information: done</p>
<p class="has-line-data" data-line-start="237" data-line-end="239">Смонтируйте этот раздел в любую директорию, например, /tmp/new<br>
sudo mount /dev/vg-01/data100 /tmp/new</p>
<p class="has-line-data" data-line-start="240" data-line-end="243">Поместите туда тестовый файл, например wget <a href="https://mirror.yandex.ru/ubuntu/ls-lR.gz">https://mirror.yandex.ru/ubuntu/ls-lR.gz</a> -O /tmp/new/test.gz<br>
agrant@vagrant:/tmp/new$ ls<br>
lost+found  test.gz</p>
<p class="has-line-data" data-line-start="244" data-line-end="265">Прикрепите вывод lsblk.<br>
vagrant@vagrant:/tmp/new$ sudo lsblk<br>
NAME                 MAJ:MIN RM  SIZE RO TYPE  MOUNTPOINT<br>
sda                    8:0    0   64G  0 disk<br>
├─sda1                 8:1    0  512M  0 part  /boot/efi<br>
├─sda2                 8:2    0    1K  0 part<br>
└─sda5                 8:5    0 63.5G  0 part<br>
├─vgvagrant-root   253:0    0 62.6G  0 lvm   /<br>
└─vgvagrant-swap_1 253:1    0  980M  0 lvm   [SWAP]<br>
sdb                    8:16   0  2.5G  0 disk<br>
├─sdb1                 8:17   0    2G  0 part<br>
│ └─md0                9:0    0    2G  0 raid1<br>
└─sdb2                 8:18   0  511M  0 part<br>
└─md1                9:1    0 1018M  0 raid0<br>
└─vg–01-data100 253:2    0  100M  0 lvm   /tmp/new<br>
sdc                    8:32   0  2.5G  0 disk<br>
├─sdc1                 8:33   0    2G  0 part<br>
│ └─md0                9:0    0    2G  0 raid1<br>
└─sdc2                 8:34   0  511M  0 part<br>
└─md1                9:1    0 1018M  0 raid0<br>
└─vg–01-data100 253:2    0  100M  0 lvm   /tmp/new</p>
<p class="has-line-data" data-line-start="266" data-line-end="271">Протестируйте целостность файла:<br>
vagrant@vagrant:/tmp/new$ sudo gzip -t /tmp/new/test.gz<br>
vagrant@vagrant:/tmp/new$ echo $?<br>
0<br>
Используя pvmove, переместите содержимое PV с RAID0 на RAID1.</p>
<p class="has-line-data" data-line-start="272" data-line-end="278">grant@vagrant:/tmp/new$ sudo pvmove -b /dev/md1 /dev/md0<br>
vagrant@vagrant:/tmp/new$ sudo lvs -a -o+devices<br>
LV      VG        Attr       LSize   Pool Origin Data%  Meta%  Move Log Cpy%Sync Convert Devices<br>
data100 vg-01     -wi-ao---- 100.00m                                                     /dev/md0(0)<br>
root    vgvagrant -wi-ao---- &lt;62.54g                                                     /dev/sda5(0)<br>
swap_1  vgvagrant -wi-ao---- 980.00m                                                     /dev/sda5(16010)</p>
<p class="has-line-data" data-line-start="279" data-line-end="280">Сделайте --fail на устройство в вашем RAID1 md.</p>
<p class="has-line-data" data-line-start="281" data-line-end="291">vagrant@vagrant:/tmp/new$ sudo mdadm --detail /dev/md0<br>
/dev/md0:<br>
Version : 1.2<br>
Creation Time : Tue Jun 15 17:47:25 2021<br>
Raid Level : raid1<br>
Array Size : 2094080 (2045.00 MiB 2144.34 MB)<br>
Used Dev Size : 2094080 (2045.00 MiB 2144.34 MB)<br>
Raid Devices : 2<br>
Total Devices : 2<br>
Persistence : Superblock is persistent</p>
<pre><code>   Update Time : Tue Jun 15 18:23:24 2021
         State : clean
Active Devices : 2
</code></pre>
<p class="has-line-data" data-line-start="295" data-line-end="298">Working Devices : 2<br>
Failed Devices : 0<br>
Spare Devices : 0</p>
<p class="has-line-data" data-line-start="299" data-line-end="300">Consistency Policy : resync</p>
<pre><code>          Name : vagrant:0  (local to host vagrant)
          UUID : b4c8fdc0:f8b50e23:1fb6bee5:36888a64
        Events : 17

Number   Major   Minor   RaidDevice State
   0       8       17        0      active sync   /dev/sdb1
   1       8       33        1      active sync   /dev/sdc1
</code></pre>
<p class="has-line-data" data-line-start="309" data-line-end="321">vagrant@vagrant:/tmp/new$ sudo mdadm /dev/md0 -f /dev/sdc1<br>
mdadm: set /dev/sdc1 faulty in /dev/md0<br>
vagrant@vagrant:/tmp/new$ sudo mdadm --detail /dev/md0<br>
/dev/md0:<br>
Version : 1.2<br>
Creation Time : Tue Jun 15 17:47:25 2021<br>
Raid Level : raid1<br>
Array Size : 2094080 (2045.00 MiB 2144.34 MB)<br>
Used Dev Size : 2094080 (2045.00 MiB 2144.34 MB)<br>
Raid Devices : 2<br>
Total Devices : 2<br>
Persistence : Superblock is persistent</p>
<pre><code>   Update Time : Tue Jun 15 18:28:31 2021
         State : clean, degraded
Active Devices : 1
</code></pre>
<p class="has-line-data" data-line-start="325" data-line-end="328">Working Devices : 1<br>
Failed Devices : 1<br>
Spare Devices : 0</p>
<p class="has-line-data" data-line-start="329" data-line-end="330">Consistency Policy : resync</p>
<pre><code>          Name : vagrant:0  (local to host vagrant)
          UUID : b4c8fdc0:f8b50e23:1fb6bee5:36888a64
        Events : 19

Number   Major   Minor   RaidDevice State
   0       8       17        0      active sync   /dev/sdb1
   -       0        0        1      removed

   1       8       33        -      faulty   /dev/sdc1
</code></pre>
<p class="has-line-data" data-line-start="342" data-line-end="344">[ 4880.549261] md/raid1:md0: Disk failure on sdc1, disabling device.<br>
md/raid1:md0: Operation continuing on 1 devices.</p>
<p class="has-line-data" data-line-start="345" data-line-end="350">Протестируйте целостность файла, несмотря на “сбойный” диск он должен продолжать быть доступен:<br>
agrant@vagrant:/tmp/new$ sudo gzip -t /tmp/new/test.gz<br>
vagrant@vagrant:/tmp/new$ echo $?<br>
0<br>
vagrant@vagrant:/tmp/new$</p>
